// Jest Snapshot v1, https://goo.gl/fbAQLP

exports[`Alert selector should return alert selector 1`] = `
{
  "alert": {
    "description": "",
    "showIcon": true,
    "status": undefined,
    "title": "",
    "variant": "subtle",
  },
  "setAlertStateData": [Function],
  "setAlertVisible": [Function],
  "showAlertForTime": [Function],
  "visible": false,
}
`;

exports[`Alert selector should return alert state on alert data set using setAlertStateData 1`] = `
{
  "description": "description",
  "showIcon": false,
  "status": "success",
  "title": "title",
  "variant": "solid",
}
`;
