// Jest Snapshot v1, https://goo.gl/fbAQLP

exports[`Drawer slice should return drawer selector state and actions 1`] = `
{
  "Alert": {
    "alert": {
      "description": "",
      "showIcon": true,
      "status": undefined,
      "title": "",
      "variant": "subtle",
    },
    "alertVisibleState": false,
    "setAlertStateData": [Function],
    "setAlertVisible": [Function],
  },
  "Drawer": {
    "closeDrawer": [Function],
    "drawerData": {
      "children": null,
      "footer": null,
      "isOpen": false,
      "onModalClose": [Function],
      "title": "",
    },
    "openDrawer": [Function],
    "openState": "CLOSE",
  },
  "Modal": {
    "closeModal": [Function],
    "modalData": {
      "message": "",
      "onModalClose": [Function],
      "onPrimaryButtonClick": [Function],
      "primaryButtonLabel": "",
      "title": "",
    },
    "openModal": [Function],
    "openState": "CLOSE",
  },
}
`;

exports[`Drawer slice should return drawer state on drawer data set using openDrawer 1`] = `
{
  "children": <div>
    children 
  </div>,
  "footer": <div>
    footer 
  </div>,
  "isOpen": true,
  "onModalClose": [MockFunction],
  "title": "title",
}
`;

exports[`Drawer slice should return drawer state with initial value 1`] = `
{
  "children": null,
  "footer": null,
  "isOpen": false,
  "onModalClose": [Function],
  "title": "",
}
`;
