// Jest Snapshot v1, https://goo.gl/fbAQLP

exports[`BreadcrumbComponent should render correctly 1`] = `
<div>
  <div
    class="css-qc0wyl"
  >
    <button
      class="chakra-button css-1qr028o"
      to="/home"
      type="button"
    >
      Home
    </button>
    <p
      class="chakra-text css-tfsct8"
    >
       / 
    </p>
    <nav
      aria-label="breadcrumb"
      class="chakra-breadcrumb css-0"
    >
      <ol
        class="chakra-breadcrumb__list css-70qvj9"
      >
        <button
          class="chakra-button css-1qr028o"
          separator=" / "
          spacing="0.5rem"
          to="/home"
          type="button"
        >
          home
        </button>
        <button
          class="chakra-button css-1qr028o"
          separator=" / "
          spacing="0.5rem"
          to="/first"
          type="button"
        >
          first
        </button>
        <button
          class="chakra-button css-1qr028o"
          separator=" / "
          spacing="0.5rem"
          to="/second"
          type="button"
        >
          second
        </button>
        <button
          class="chakra-button css-1qr028o"
          separator=" / "
          spacing="0.5rem"
          to="/third"
          type="button"
        >
          third
        </button>
      </ol>
    </nav>
  </div>
</div>
`;
