// Jest Snapshot v1, https://goo.gl/fbAQLP

exports[`Modal slice should return modal selector state and actions 1`] = `
{
  "Alert": {
    "alert": {
      "description": "",
      "showIcon": true,
      "status": undefined,
      "title": "",
      "variant": "subtle",
    },
    "alertVisibleState": false,
    "setAlertStateData": [Function],
    "setAlertVisible": [Function],
  },
  "Drawer": {
    "closeDrawer": [Function],
    "drawerData": {
      "children": null,
      "footer": null,
      "isOpen": false,
      "onModalClose": [Function],
      "title": "",
    },
    "openDrawer": [Function],
    "openState": "CLOSE",
  },
  "Modal": {
    "closeModal": [Function],
    "modalData": {
      "message": "",
      "onModalClose": [Function],
      "onPrimaryButtonClick": [Function],
      "primaryButtonLabel": "",
      "title": "",
    },
    "openModal": [Function],
    "openState": "CLOSE",
  },
}
`;

exports[`Modal slice should return modal state on modal data set using openModal 1`] = `
{
  "message": "message",
  "onModalClose": [MockFunction],
  "onPrimaryButtonClick": [MockFunction],
  "primaryButtonLabel": "primaryButtonLabel",
  "title": "title",
}
`;

exports[`Modal slice should return modal state with initial value 1`] = `
{
  "message": "",
  "onModalClose": [Function],
  "onPrimaryButtonClick": [Function],
  "primaryButtonLabel": "",
  "title": "",
}
`;
