// Jest Snapshot v1, https://goo.gl/fbAQLP

exports[`BrowseOurCategories should render correctly 1`] = `
<div>
  <div
    class="css-13v0pi9"
  >
    <div
      class="css-ukzy1g"
    >
      <hr
        aria-orientation="horizontal"
        class="chakra-divider css-1upb9tn"
      />
      <p
        class="chakra-text css-8b95vw"
      >
        Browse our categories
      </p>
      <hr
        aria-orientation="horizontal"
        class="chakra-divider css-1upb9tn"
      />
    </div>
    <div
      class="css-ttzt9k"
    >
      <div
        class="css-1tlv8gh"
      >
        <p
          class="chakra-text css-1ey7oos"
        >
          Best Channels
        </p>
      </div>
      <div
        class="css-1tlv8gh"
      >
        <p
          class="chakra-text css-1ey7oos"
        >
          Best Groups
        </p>
      </div>
      <div
        class="css-1tlv8gh"
      >
        <p
          class="chakra-text css-1ey7oos"
        >
          Best Bots
        </p>
      </div>
      <div
        class="css-1tlv8gh"
      >
        <p
          class="chakra-text css-1ey7oos"
        >
          Best Stickers
        </p>
      </div>
      <div
        class="css-1tlv8gh"
      >
        <p
          class="chakra-text css-1ey7oos"
        >
          Best classic stickers
        </p>
      </div>
      <div
        class="css-1tlv8gh"
      >
        <p
          class="chakra-text css-1ey7oos"
        >
          Best animated stickers
        </p>
      </div>
      <div
        class="css-1tlv8gh"
      >
        <p
          class="chakra-text css-1ey7oos"
        >
          Best stickers packs
        </p>
      </div>
      <div
        class="css-1tlv8gh"
      >
        <p
          class="chakra-text css-1ey7oos"
        >
          Best themes
        </p>
      </div>
      <div
        class="css-1tlv8gh"
      >
        <p
          class="chakra-text css-1ey7oos"
        >
          Games
        </p>
      </div>
    </div>
  </div>
</div>
`;
