// Jest Snapshot v1, https://goo.gl/fbAQLP

exports[`HomeHeaderComponent should render correctly 1`] = `
<div>
  <div
    class="css-8atqhb"
  >
    <div
      class="css-77af5c"
    >
      <p
        class="chakra-text css-x3elb1"
      >
        Discover the best of Telegram on Telegramonic.com
      </p>
      <p
        class="chakra-text css-1uf6a8x"
      >
        Find the best channels, groups, bots, stickers, themes, games and more on Telegramonic.com
      </p>
    </div>
  </div>
</div>
`;
