// Jest Snapshot v1, https://goo.gl/fbAQLP

exports[`HomeHeaderComponent should render correctly 1`] = `
<div>
  <div
    class="css-8atqhb"
  >
    <div
      class="css-77af5c"
    >
      <p
        class="chakra-text css-x3elb1"
      >
        Home.header.title
      </p>
      <p
        class="chakra-text css-1uf6a8x"
      >
        Home.header.subTitle
      </p>
    </div>
  </div>
</div>
`;
